// Jest Snapshot v1, https://goo.gl/fbAQLP

exports[`should render Header correctly using react test renderer 1`] = `
<header>
  <h1>
     Extensify
  </h1>
  <NavLink
    activeClassName="is-active"
    exact={true}
    to="/"
  >
    Go Home
  </NavLink>
  <NavLink
    activeClassName="is-active"
    to="/create"
  >
    Create
  </NavLink>
  <NavLink
    activeClassName="is-active"
    to="/help"
  >
    Help
  </NavLink>
</header>
`;
